// Jest Snapshot v1, https://goo.gl/fbAQLP

exports[`individually 1`] = `
"var l=Object.create;var n=Object.defineProperty;var a=Object.getOwnPropertyDescriptor;var f=Object.getOwnPropertyNames;var m=Object.getPrototypeOf,d=Object.prototype.hasOwnProperty;var u=(e,s)=>n(e,\\"name\\",{value:s,configurable:!0});var p=(e,s)=>{for(var o in s)n(e,o,{get:s[o],enumerable:!0})},c=(e,s,o,r)=>{if(s&&typeof s==\\"object\\"||typeof s==\\"function\\")for(let t of f(s))!d.call(e,t)&&t!==o&&n(e,t,{get:()=>s[t],enumerable:!(r=a(s,t))||r.enumerable});return e};var y=(e,s,o)=>(o=e!=null?l(m(e)):{},c(s||!e||!e.__esModule?n(o,\\"default\\",{value:e,enumerable:!0}):o,e)),g=e=>c(n({},\\"__esModule\\",{value:!0}),e);var S={};p(S,{handler:()=>x});module.exports=g(S);var i=y(require(\\"lodash\\"));async function x(e,s,o){console.log(i.VERSION),await new Promise(t=>setTimeout(t,500));let r={statusCode:200,body:JSON.stringify({message:\\"Go Serverless v1.0! Your function executed successfully!\\",input:e})};o(null,r)}u(x,\\"handler\\");0&&(module.exports={handler});
"
`;

exports[`individually 2`] = `
"var u=Object.defineProperty;var i=Object.getOwnPropertyDescriptor;var r=Object.getOwnPropertyNames;var a=Object.prototype.hasOwnProperty;var c=(s,e)=>u(s,\\"name\\",{value:e,configurable:!0});var l=(s,e)=>{for(var n in e)u(s,n,{get:e[n],enumerable:!0})},d=(s,e,n,o)=>{if(e&&typeof e==\\"object\\"||typeof e==\\"function\\")for(let t of r(e))!a.call(s,t)&&t!==n&&u(s,t,{get:()=>e[t],enumerable:!(o=i(e,t))||o.enumerable});return s};var f=s=>d(u({},\\"__esModule\\",{value:!0}),s);var m={};l(m,{handler:()=>y});module.exports=f(m);async function y(s,e,n){await new Promise(t=>setTimeout(t,500));let o={statusCode:200,body:JSON.stringify({message:\\"Go Serverless v1.0! Your function executed successfully!\\",input:s})};n(null,o)}c(y,\\"handler\\");0&&(module.exports={handler});
"
`;

exports[`individually 3`] = `"2010-09-09"`;

exports[`individually 4`] = `"The AWS CloudFormation template for this Serverless application"`;

exports[`individually 5`] = `
Object {
  "Hello1LambdaFunctionQualifiedArn": Object {
    "Description": "Current Lambda function version",
    "Export": Object {
      "Name": "sls-serverless-example-dev-Hello1LambdaFunctionQualifiedArn",
    },
    "Value": Object {
      "Ref": "Hello1LambdaVersionrCQpBasrl7NEc5jdBPyUcZFyk0SWtGtN6fb3630OHQ",
    },
  },
  "Hello2LambdaFunctionQualifiedArn": Object {
    "Description": "Current Lambda function version",
    "Export": Object {
      "Name": "sls-serverless-example-dev-Hello2LambdaFunctionQualifiedArn",
    },
    "Value": Object {
      "Ref": "Hello2LambdaVersionongx6o4TBoQbh3kyG4cSG0Bj7rT3CNaL1NNKJ5gGiI",
    },
  },
  "ServerlessDeploymentBucketName": Object {
    "Export": Object {
      "Name": "sls-serverless-example-dev-ServerlessDeploymentBucketName",
    },
    "Value": Object {
      "Ref": "ServerlessDeploymentBucket",
    },
  },
  "ServiceEndpoint": Object {
    "Description": "URL of the service endpoint",
    "Export": Object {
      "Name": "sls-serverless-example-dev-ServiceEndpoint",
    },
    "Value": Object {
      "Fn::Join": Array [
        "",
        Array [
          "https://",
          Object {
            "Ref": "ApiGatewayRestApi",
          },
          ".execute-api.",
          Object {
            "Ref": "AWS::Region",
          },
          ".",
          Object {
            "Ref": "AWS::URLSuffix",
          },
          "/dev",
        ],
      ],
    },
  },
}
`;

exports[`individually 6`] = `
Object {
  "ApiGatewayMethodHello1Get": Object {
    "DependsOn": Array [
      "Hello1LambdaPermissionApiGateway",
    ],
    "Properties": Object {
      "ApiKeyRequired": false,
      "AuthorizationType": "NONE",
      "HttpMethod": "GET",
      "Integration": Object {
        "IntegrationHttpMethod": "POST",
        "Type": "AWS_PROXY",
        "Uri": Object {
          "Fn::Join": Array [
            "",
            Array [
              "arn:",
              Object {
                "Ref": "AWS::Partition",
              },
              ":apigateway:",
              Object {
                "Ref": "AWS::Region",
              },
              ":lambda:path/2015-03-31/functions/",
              Object {
                "Fn::GetAtt": Array [
                  "Hello1LambdaFunction",
                  "Arn",
                ],
              },
              "/invocations",
            ],
          ],
        },
      },
      "MethodResponses": Array [],
      "RequestParameters": Object {},
      "ResourceId": Object {
        "Ref": "ApiGatewayResourceHello1",
      },
      "RestApiId": Object {
        "Ref": "ApiGatewayRestApi",
      },
    },
    "Type": "AWS::ApiGateway::Method",
  },
  "ApiGatewayMethodHello2Get": Object {
    "DependsOn": Array [
      "Hello2LambdaPermissionApiGateway",
    ],
    "Properties": Object {
      "ApiKeyRequired": false,
      "AuthorizationType": "NONE",
      "HttpMethod": "GET",
      "Integration": Object {
        "IntegrationHttpMethod": "POST",
        "Type": "AWS_PROXY",
        "Uri": Object {
          "Fn::Join": Array [
            "",
            Array [
              "arn:",
              Object {
                "Ref": "AWS::Partition",
              },
              ":apigateway:",
              Object {
                "Ref": "AWS::Region",
              },
              ":lambda:path/2015-03-31/functions/",
              Object {
                "Fn::GetAtt": Array [
                  "Hello2LambdaFunction",
                  "Arn",
                ],
              },
              "/invocations",
            ],
          ],
        },
      },
      "MethodResponses": Array [],
      "RequestParameters": Object {},
      "ResourceId": Object {
        "Ref": "ApiGatewayResourceHello2",
      },
      "RestApiId": Object {
        "Ref": "ApiGatewayRestApi",
      },
    },
    "Type": "AWS::ApiGateway::Method",
  },
  "ApiGatewayResourceHello1": Object {
    "Properties": Object {
      "ParentId": Object {
        "Fn::GetAtt": Array [
          "ApiGatewayRestApi",
          "RootResourceId",
        ],
      },
      "PathPart": "hello1",
      "RestApiId": Object {
        "Ref": "ApiGatewayRestApi",
      },
    },
    "Type": "AWS::ApiGateway::Resource",
  },
  "ApiGatewayResourceHello2": Object {
    "Properties": Object {
      "ParentId": Object {
        "Fn::GetAtt": Array [
          "ApiGatewayRestApi",
          "RootResourceId",
        ],
      },
      "PathPart": "hello2",
      "RestApiId": Object {
        "Ref": "ApiGatewayRestApi",
      },
    },
    "Type": "AWS::ApiGateway::Resource",
  },
  "ApiGatewayRestApi": Object {
    "Properties": Object {
      "EndpointConfiguration": Object {
        "Types": Array [
          "EDGE",
        ],
      },
      "Name": "dev-serverless-example",
      "Policy": "",
    },
    "Type": "AWS::ApiGateway::RestApi",
  },
  "Hello1LambdaFunction": Object {
    "DependsOn": Array [
      "Hello1LogGroup",
    ],
    "Properties": Object {
      "Code": Object {
        "S3Bucket": Object {
          "Ref": "ServerlessDeploymentBucket",
        },
        "S3Key": StringContaining "hello1.zip",
      },
      "FunctionName": "serverless-example-dev-hello1",
      "Handler": "hello1.handler",
      "MemorySize": 1024,
      "Role": Object {
        "Fn::GetAtt": Array [
          "IamRoleLambdaExecution",
          "Arn",
        ],
      },
      "Runtime": "nodejs12.x",
      "Timeout": 6,
    },
    "Type": "AWS::Lambda::Function",
  },
  "Hello1LambdaPermissionApiGateway": Object {
    "Properties": Object {
      "Action": "lambda:InvokeFunction",
      "FunctionName": Object {
        "Fn::GetAtt": Array [
          "Hello1LambdaFunction",
          "Arn",
        ],
      },
      "Principal": "apigateway.amazonaws.com",
      "SourceArn": Object {
        "Fn::Join": Array [
          "",
          Array [
            "arn:",
            Object {
              "Ref": "AWS::Partition",
            },
            ":execute-api:",
            Object {
              "Ref": "AWS::Region",
            },
            ":",
            Object {
              "Ref": "AWS::AccountId",
            },
            ":",
            Object {
              "Ref": "ApiGatewayRestApi",
            },
            "/*/*",
          ],
        ],
      },
    },
    "Type": "AWS::Lambda::Permission",
  },
  "Hello1LambdaVersionrCQpBasrl7NEc5jdBPyUcZFyk0SWtGtN6fb3630OHQ": Object {
    "DeletionPolicy": "Retain",
    "Properties": Object {
      "CodeSha256": "eKZez9CebIgfqBXSfrG2X18sVT3Yt9QI2b/mNE8KP4s=",
      "FunctionName": Object {
        "Ref": "Hello1LambdaFunction",
      },
    },
    "Type": "AWS::Lambda::Version",
  },
  "Hello1LogGroup": Object {
    "Properties": Object {
      "LogGroupName": "/aws/lambda/serverless-example-dev-hello1",
    },
    "Type": "AWS::Logs::LogGroup",
  },
  "Hello2LambdaFunction": Object {
    "DependsOn": Array [
      "Hello2LogGroup",
    ],
    "Properties": Object {
      "Code": Object {
        "S3Bucket": Object {
          "Ref": "ServerlessDeploymentBucket",
        },
        "S3Key": StringContaining "hello2.zip",
      },
      "FunctionName": "serverless-example-dev-hello2",
      "Handler": "hello2.handler",
      "MemorySize": 1024,
      "Role": Object {
        "Fn::GetAtt": Array [
          "IamRoleLambdaExecution",
          "Arn",
        ],
      },
      "Runtime": "nodejs12.x",
      "Timeout": 6,
    },
    "Type": "AWS::Lambda::Function",
  },
  "Hello2LambdaPermissionApiGateway": Object {
    "Properties": Object {
      "Action": "lambda:InvokeFunction",
      "FunctionName": Object {
        "Fn::GetAtt": Array [
          "Hello2LambdaFunction",
          "Arn",
        ],
      },
      "Principal": "apigateway.amazonaws.com",
      "SourceArn": Object {
        "Fn::Join": Array [
          "",
          Array [
            "arn:",
            Object {
              "Ref": "AWS::Partition",
            },
            ":execute-api:",
            Object {
              "Ref": "AWS::Region",
            },
            ":",
            Object {
              "Ref": "AWS::AccountId",
            },
            ":",
            Object {
              "Ref": "ApiGatewayRestApi",
            },
            "/*/*",
          ],
        ],
      },
    },
    "Type": "AWS::Lambda::Permission",
  },
  "Hello2LambdaVersionongx6o4TBoQbh3kyG4cSG0Bj7rT3CNaL1NNKJ5gGiI": Object {
    "DeletionPolicy": "Retain",
    "Properties": Object {
      "CodeSha256": "/SxMTGQwz5vnREIiwAcRKKUaMwxLEHO7Z+w0b75N2Ws=",
      "FunctionName": Object {
        "Ref": "Hello2LambdaFunction",
      },
    },
    "Type": "AWS::Lambda::Version",
  },
  "Hello2LogGroup": Object {
    "Properties": Object {
      "LogGroupName": "/aws/lambda/serverless-example-dev-hello2",
    },
    "Type": "AWS::Logs::LogGroup",
  },
  "IamRoleLambdaExecution": Object {
    "Properties": Object {
      "AssumeRolePolicyDocument": Object {
        "Statement": Array [
          Object {
            "Action": Array [
              "sts:AssumeRole",
            ],
            "Effect": "Allow",
            "Principal": Object {
              "Service": Array [
                "lambda.amazonaws.com",
              ],
            },
          },
        ],
        "Version": "2012-10-17",
      },
      "Path": "/",
      "Policies": Array [
        Object {
          "PolicyDocument": Object {
            "Statement": Array [
              Object {
                "Action": Array [
                  "logs:CreateLogStream",
                  "logs:CreateLogGroup",
                ],
                "Effect": "Allow",
                "Resource": Array [
                  Object {
                    "Fn::Sub": "arn:\${AWS::Partition}:logs:\${AWS::Region}:\${AWS::AccountId}:log-group:/aws/lambda/serverless-example-dev*:*",
                  },
                ],
              },
              Object {
                "Action": Array [
                  "logs:PutLogEvents",
                ],
                "Effect": "Allow",
                "Resource": Array [
                  Object {
                    "Fn::Sub": "arn:\${AWS::Partition}:logs:\${AWS::Region}:\${AWS::AccountId}:log-group:/aws/lambda/serverless-example-dev*:*:*",
                  },
                ],
              },
            ],
            "Version": "2012-10-17",
          },
          "PolicyName": Object {
            "Fn::Join": Array [
              "-",
              Array [
                "serverless-example",
                "dev",
                "lambda",
              ],
            ],
          },
        },
      ],
      "RoleName": Object {
        "Fn::Join": Array [
          "-",
          Array [
            "serverless-example",
            "dev",
            Object {
              "Ref": "AWS::Region",
            },
            "lambdaRole",
          ],
        ],
      },
    },
    "Type": "AWS::IAM::Role",
  },
  "ServerlessDeploymentBucket": Object {
    "Properties": Object {
      "BucketEncryption": Object {
        "ServerSideEncryptionConfiguration": Array [
          Object {
            "ServerSideEncryptionByDefault": Object {
              "SSEAlgorithm": "AES256",
            },
          },
        ],
      },
    },
    "Type": "AWS::S3::Bucket",
  },
  "ServerlessDeploymentBucketPolicy": Object {
    "Properties": Object {
      "Bucket": Object {
        "Ref": "ServerlessDeploymentBucket",
      },
      "PolicyDocument": Object {
        "Statement": Array [
          Object {
            "Action": "s3:*",
            "Condition": Object {
              "Bool": Object {
                "aws:SecureTransport": false,
              },
            },
            "Effect": "Deny",
            "Principal": "*",
            "Resource": Array [
              Object {
                "Fn::Join": Array [
                  "",
                  Array [
                    "arn:",
                    Object {
                      "Ref": "AWS::Partition",
                    },
                    ":s3:::",
                    Object {
                      "Ref": "ServerlessDeploymentBucket",
                    },
                    "/*",
                  ],
                ],
              },
              Object {
                "Fn::Join": Array [
                  "",
                  Array [
                    "arn:",
                    Object {
                      "Ref": "AWS::Partition",
                    },
                    ":s3:::",
                    Object {
                      "Ref": "ServerlessDeploymentBucket",
                    },
                  ],
                ],
              },
            ],
          },
        ],
      },
    },
    "Type": "AWS::S3::BucketPolicy",
  },
}
`;

exports[`individually 7`] = `
Object {
  "DependsOn": Array [
    "ApiGatewayMethodHello1Get",
    "ApiGatewayMethodHello2Get",
  ],
  "Properties": Object {
    "RestApiId": Object {
      "Ref": "ApiGatewayRestApi",
    },
    "StageName": "dev",
  },
  "Type": "AWS::ApiGateway::Deployment",
}
`;
